2026-07-21 00:00:00 [scheduling-1] INFO  com.youyinda.task.ExpressTrackSyncTask - 开始同步快递物流状态...
2026-07-21 00:00:00 [scheduling-1] INFO  com.youyinda.task.ExpressTrackSyncTask - 需要同步物流状态的订单数量：0
2026-07-21 00:00:00 [scheduling-1] INFO  com.youyinda.task.ExpressTrackSyncTask - 快递物流状态同步完成，耗时：9ms
2026-07-21 00:30:00 [scheduling-1] INFO  com.youyinda.task.ExpressTrackSyncTask - 开始同步快递物流状态...
2026-07-21 00:30:00 [scheduling-1] INFO  com.youyinda.task.ExpressTrackSyncTask - 需要同步物流状态的订单数量：0
2026-07-21 00:30:00 [scheduling-1] INFO  com.youyinda.task.ExpressTrackSyncTask - 快递物流状态同步完成，耗时：11ms
2026-07-21 01:00:00 [scheduling-1] INFO  com.youyinda.task.ExpressTrackSyncTask - 开始同步快递物流状态...
2026-07-21 01:00:00 [scheduling-1] INFO  com.youyinda.task.ExpressTrackSyncTask - 需要同步物流状态的订单数量：0
2026-07-21 01:00:00 [scheduling-1] INFO  com.youyinda.task.ExpressTrackSyncTask - 快递物流状态同步完成，耗时：9ms
2026-07-21 01:30:00 [scheduling-1] INFO  com.youyinda.task.ExpressTrackSyncTask - 开始同步快递物流状态...
2026-07-21 01:30:00 [scheduling-1] INFO  com.youyinda.task.ExpressTrackSyncTask - 需要同步物流状态的订单数量：0
2026-07-21 01:30:00 [scheduling-1] INFO  com.youyinda.task.ExpressTrackSyncTask - 快递物流状态同步完成，耗时：8ms
2026-07-21 02:00:00 [scheduling-1] INFO  com.youyinda.task.ExpressTrackSyncTask - 开始同步快递物流状态...
2026-07-21 02:00:00 [scheduling-1] INFO  com.youyinda.task.ExpressTrackSyncTask - 需要同步物流状态的订单数量：0
2026-07-21 02:00:00 [scheduling-1] INFO  com.youyinda.task.ExpressTrackSyncTask - 快递物流状态同步完成，耗时：8ms
2026-07-21 02:00:00 [scheduling-1] INFO  com.youyinda.task.ThirdApiSyncTask - 开始同步打印基础价格...
2026-07-21 02:00:00 [scheduling-1] ERROR com.youyinda.task.ThirdApiSyncTask - 打印基础价格同步异常
java.lang.reflect.UndeclaredThrowableException: null
	at jdk.proxy2/jdk.proxy2.$Proxy174.syncPrintPrice(Unknown Source)
	at com.youyinda.task.ThirdApiSyncTask.syncPrintBasePrice(ThirdApiSyncTask.java:40)
	at java.base/jdk.internal.reflect.DirectMethodHandleAccessor.invoke(DirectMethodHandleAccessor.java:103)
	at java.base/java.lang.reflect.Method.invoke(Method.java:580)
	at org.springframework.scheduling.support.ScheduledMethodRunnable.run(ScheduledMethodRunnable.java:84)
	at org.springframework.scheduling.support.DelegatingErrorHandlingRunnable.run(DelegatingErrorHandlingRunnable.java:54)
	at org.springframework.scheduling.concurrent.ReschedulingRunnable.run(ReschedulingRunnable.java:95)
	at java.base/java.util.concurrent.Executors$RunnableAdapter.call(Executors.java:572)
	at java.base/java.util.concurrent.FutureTask.run(FutureTask.java:317)
	at java.base/java.util.concurrent.ScheduledThreadPoolExecutor$ScheduledFutureTask.run(ScheduledThreadPoolExecutor.java:304)
	at java.base/java.util.concurrent.ThreadPoolExecutor.runWorker(ThreadPoolExecutor.java:1144)
	at java.base/java.util.concurrent.ThreadPoolExecutor$Worker.run(ThreadPoolExecutor.java:642)
	at java.base/java.lang.Thread.run(Thread.java:1583)
Caused by: java.lang.NoSuchMethodException: class com.youyinda.dto.ThirdApiResponse class jdk.proxy2.$Proxy170.syncPrintPriceFallback(,class java.lang.Throwable)
	at io.github.resilience4j.fallback.FallbackMethod.create(FallbackMethod.java:92)
	at io.github.resilience4j.circuitbreaker.configure.CircuitBreakerAspect.circuitBreakerAroundAdvice(CircuitBreakerAspect.java:115)
	at java.base/jdk.internal.reflect.DirectMethodHandleAccessor.invoke(DirectMethodHandleAccessor.java:103)
	at java.base/java.lang.reflect.Method.invoke(Method.java:580)
	at org.springframework.aop.aspectj.AbstractAspectJAdvice.invokeAdviceMethodWithGivenArgs(AbstractAspectJAdvice.java:634)
	at org.springframework.aop.aspectj.AbstractAspectJAdvice.invokeAdviceMethod(AbstractAspectJAdvice.java:624)
	at org.springframework.aop.aspectj.AspectJAroundAdvice.invoke(AspectJAroundAdvice.java:72)
	at org.springframework.aop.framework.ReflectiveMethodInvocation.proceed(ReflectiveMethodInvocation.java:175)
	at org.springframework.aop.aspectj.MethodInvocationProceedingJoinPoint.proceed(MethodInvocationProceedingJoinPoint.java:89)
	at io.github.resilience4j.retry.Retry.lambda$decorateCheckedSupplier$3f69f149$1(Retry.java:137)
	at io.github.resilience4j.retry.Retry.executeCheckedSupplier(Retry.java:419)
	at io.github.resilience4j.retry.configure.RetryAspect.handleDefaultJoinPoint(RetryAspect.java:184)
	at io.github.resilience4j.retry.configure.RetryAspect.proceed(RetryAspect.java:141)
	at io.github.resilience4j.retry.configure.RetryAspect.retryAroundAdvice(RetryAspect.java:120)
	at java.base/jdk.internal.reflect.DirectMethodHandleAccessor.invoke(DirectMethodHandleAccessor.java:103)
	at java.base/java.lang.reflect.Method.invoke(Method.java:580)
	at org.springframework.aop.aspectj.AbstractAspectJAdvice.invokeAdviceMethodWithGivenArgs(AbstractAspectJAdvice.java:634)
	at org.springframework.aop.aspectj.AbstractAspectJAdvice.invokeAdviceMethod(AbstractAspectJAdvice.java:624)
	at org.springframework.aop.aspectj.AspectJAroundAdvice.invoke(AspectJAroundAdvice.java:72)
	at org.springframework.aop.framework.ReflectiveMethodInvocation.proceed(ReflectiveMethodInvocation.java:175)
	at org.springframework.aop.interceptor.ExposeInvocationInterceptor.invoke(ExposeInvocationInterceptor.java:97)
	at org.springframework.aop.framework.ReflectiveMethodInvocation.proceed(ReflectiveMethodInvocation.java:186)
	at org.springframework.aop.framework.JdkDynamicAopProxy.invoke(JdkDynamicAopProxy.java:241)
	... 13 common frames omitted
2026-07-21 02:00:00 [scheduling-1] ERROR com.youyinda.task.ThirdApiSyncTask - 发送告警：打印基础价格同步异常：null
2026-07-21 02:30:00 [scheduling-1] INFO  com.youyinda.task.ExpressTrackSyncTask - 开始同步快递物流状态...
2026-07-21 02:30:00 [scheduling-1] INFO  com.youyinda.task.ExpressTrackSyncTask - 需要同步物流状态的订单数量：0
2026-07-21 02:30:00 [scheduling-1] INFO  com.youyinda.task.ExpressTrackSyncTask - 快递物流状态同步完成，耗时：6ms
2026-07-21 02:30:00 [scheduling-1] INFO  com.youyinda.task.ThirdApiSyncTask - 开始同步快递基础价格...
2026-07-21 02:30:00 [scheduling-1] INFO  com.youyinda.task.ThirdApiSyncTask - 快递基础价格同步完成，耗时：0ms
2026-07-21 03:00:00 [scheduling-1] INFO  com.youyinda.task.ExpressTrackSyncTask - 开始同步快递物流状态...
2026-07-21 03:00:00 [scheduling-1] INFO  com.youyinda.task.ExpressTrackSyncTask - 需要同步物流状态的订单数量：0
2026-07-21 03:00:00 [scheduling-1] INFO  com.youyinda.task.ExpressTrackSyncTask - 快递物流状态同步完成，耗时：11ms
2026-07-21 03:30:00 [scheduling-1] INFO  com.youyinda.task.ExpressTrackSyncTask - 开始同步快递物流状态...
2026-07-21 03:30:00 [scheduling-1] INFO  com.youyinda.task.ExpressTrackSyncTask - 需要同步物流状态的订单数量：0
2026-07-21 03:30:00 [scheduling-1] INFO  com.youyinda.task.ExpressTrackSyncTask - 快递物流状态同步完成，耗时：8ms
2026-07-21 04:00:00 [scheduling-1] INFO  com.youyinda.task.ExpressTrackSyncTask - 开始同步快递物流状态...
2026-07-21 04:00:00 [scheduling-1] INFO  com.youyinda.task.ExpressTrackSyncTask - 需要同步物流状态的订单数量：0
2026-07-21 04:00:00 [scheduling-1] INFO  com.youyinda.task.ExpressTrackSyncTask - 快递物流状态同步完成，耗时：9ms
2026-07-21 04:30:00 [scheduling-1] INFO  com.youyinda.task.ExpressTrackSyncTask - 开始同步快递物流状态...
2026-07-21 04:30:00 [scheduling-1] INFO  com.youyinda.task.ExpressTrackSyncTask - 需要同步物流状态的订单数量：0
2026-07-21 04:30:00 [scheduling-1] INFO  com.youyinda.task.ExpressTrackSyncTask - 快递物流状态同步完成，耗时：8ms
2026-07-21 05:00:00 [scheduling-1] INFO  com.youyinda.task.ExpressTrackSyncTask - 开始同步快递物流状态...
2026-07-21 05:00:00 [scheduling-1] INFO  com.youyinda.task.ExpressTrackSyncTask - 需要同步物流状态的订单数量：0
2026-07-21 05:00:00 [scheduling-1] INFO  com.youyinda.task.ExpressTrackSyncTask - 快递物流状态同步完成，耗时：8ms
2026-07-21 05:30:00 [scheduling-1] INFO  com.youyinda.task.ExpressTrackSyncTask - 开始同步快递物流状态...
2026-07-21 05:30:00 [scheduling-1] INFO  com.youyinda.task.ExpressTrackSyncTask - 需要同步物流状态的订单数量：0
2026-07-21 05:30:00 [scheduling-1] INFO  com.youyinda.task.ExpressTrackSyncTask - 快递物流状态同步完成，耗时：10ms
2026-07-21 06:00:00 [scheduling-1] INFO  com.youyinda.task.ExpressTrackSyncTask - 开始同步快递物流状态...
2026-07-21 06:00:00 [scheduling-1] INFO  com.youyinda.task.ExpressTrackSyncTask - 需要同步物流状态的订单数量：0
2026-07-21 06:00:00 [scheduling-1] INFO  com.youyinda.task.ExpressTrackSyncTask - 快递物流状态同步完成，耗时：7ms
2026-07-21 06:30:00 [scheduling-1] INFO  com.youyinda.task.ExpressTrackSyncTask - 开始同步快递物流状态...
2026-07-21 06:30:00 [scheduling-1] INFO  com.youyinda.task.ExpressTrackSyncTask - 需要同步物流状态的订单数量：0
2026-07-21 06:30:00 [scheduling-1] INFO  com.youyinda.task.ExpressTrackSyncTask - 快递物流状态同步完成，耗时：9ms
2026-07-21 07:00:00 [scheduling-1] INFO  com.youyinda.task.ExpressTrackSyncTask - 开始同步快递物流状态...
2026-07-21 07:00:00 [scheduling-1] INFO  com.youyinda.task.ExpressTrackSyncTask - 需要同步物流状态的订单数量：0
2026-07-21 07:00:00 [scheduling-1] INFO  com.youyinda.task.ExpressTrackSyncTask - 快递物流状态同步完成，耗时：7ms
2026-07-21 07:30:00 [scheduling-1] INFO  com.youyinda.task.ExpressTrackSyncTask - 开始同步快递物流状态...
2026-07-21 07:30:00 [scheduling-1] INFO  com.youyinda.task.ExpressTrackSyncTask - 需要同步物流状态的订单数量：0
2026-07-21 07:30:00 [scheduling-1] INFO  com.youyinda.task.ExpressTrackSyncTask - 快递物流状态同步完成，耗时：8ms
2026-07-21 08:00:00 [scheduling-1] INFO  com.youyinda.task.ExpressTrackSyncTask - 开始同步快递物流状态...
2026-07-21 08:00:00 [scheduling-1] INFO  com.youyinda.task.ExpressTrackSyncTask - 需要同步物流状态的订单数量：0
2026-07-21 08:00:00 [scheduling-1] INFO  com.youyinda.task.ExpressTrackSyncTask - 快递物流状态同步完成，耗时：8ms
2026-07-21 08:30:00 [scheduling-1] INFO  com.youyinda.task.ExpressTrackSyncTask - 开始同步快递物流状态...
2026-07-21 08:30:00 [scheduling-1] INFO  com.youyinda.task.ExpressTrackSyncTask - 需要同步物流状态的订单数量：0
2026-07-21 08:30:00 [scheduling-1] INFO  com.youyinda.task.ExpressTrackSyncTask - 快递物流状态同步完成，耗时：5ms
2026-07-21 09:00:00 [scheduling-1] INFO  com.youyinda.task.ExpressTrackSyncTask - 开始同步快递物流状态...
2026-07-21 09:00:00 [scheduling-1] INFO  com.youyinda.task.ExpressTrackSyncTask - 需要同步物流状态的订单数量：0
2026-07-21 09:00:00 [scheduling-1] INFO  com.youyinda.task.ExpressTrackSyncTask - 快递物流状态同步完成，耗时：6ms
2026-07-21 09:30:00 [scheduling-1] INFO  com.youyinda.task.ExpressTrackSyncTask - 开始同步快递物流状态...
2026-07-21 09:30:00 [scheduling-1] INFO  com.youyinda.task.ExpressTrackSyncTask - 需要同步物流状态的订单数量：0
2026-07-21 09:30:00 [scheduling-1] INFO  com.youyinda.task.ExpressTrackSyncTask - 快递物流状态同步完成，耗时：10ms
2026-07-21 10:00:00 [scheduling-1] INFO  com.youyinda.task.ExpressTrackSyncTask - 开始同步快递物流状态...
2026-07-21 10:00:00 [scheduling-1] INFO  com.youyinda.task.ExpressTrackSyncTask - 需要同步物流状态的订单数量：0
2026-07-21 10:00:00 [scheduling-1] INFO  com.youyinda.task.ExpressTrackSyncTask - 快递物流状态同步完成，耗时：8ms
2026-07-21 10:30:00 [scheduling-1] INFO  com.youyinda.task.ExpressTrackSyncTask - 开始同步快递物流状态...
2026-07-21 10:30:00 [scheduling-1] INFO  com.youyinda.task.ExpressTrackSyncTask - 需要同步物流状态的订单数量：0
2026-07-21 10:30:00 [scheduling-1] INFO  com.youyinda.task.ExpressTrackSyncTask - 快递物流状态同步完成，耗时：27ms
2026-07-21 11:00:00 [scheduling-1] INFO  com.youyinda.task.ExpressTrackSyncTask - 开始同步快递物流状态...
2026-07-21 11:00:00 [scheduling-1] INFO  com.youyinda.task.ExpressTrackSyncTask - 需要同步物流状态的订单数量：0
2026-07-21 11:00:00 [scheduling-1] INFO  com.youyinda.task.ExpressTrackSyncTask - 快递物流状态同步完成，耗时：728ms
2026-07-21 11:30:00 [scheduling-1] INFO  com.youyinda.task.ExpressTrackSyncTask - 开始同步快递物流状态...
2026-07-21 11:30:00 [scheduling-1] INFO  com.youyinda.task.ExpressTrackSyncTask - 需要同步物流状态的订单数量：0
2026-07-21 11:30:00 [scheduling-1] INFO  com.youyinda.task.ExpressTrackSyncTask - 快递物流状态同步完成，耗时：18ms
2026-07-21 12:00:00 [scheduling-1] INFO  com.youyinda.task.ExpressTrackSyncTask - 开始同步快递物流状态...
2026-07-21 12:00:00 [scheduling-1] INFO  com.youyinda.task.ExpressTrackSyncTask - 需要同步物流状态的订单数量：0
2026-07-21 12:00:00 [scheduling-1] INFO  com.youyinda.task.ExpressTrackSyncTask - 快递物流状态同步完成，耗时：13ms
2026-07-21 12:30:00 [scheduling-1] INFO  com.youyinda.task.ExpressTrackSyncTask - 开始同步快递物流状态...
2026-07-21 12:30:00 [scheduling-1] INFO  com.youyinda.task.ExpressTrackSyncTask - 需要同步物流状态的订单数量：0
2026-07-21 12:30:00 [scheduling-1] INFO  com.youyinda.task.ExpressTrackSyncTask - 快递物流状态同步完成，耗时：10ms
2026-07-21 13:00:00 [scheduling-1] INFO  com.youyinda.task.ExpressTrackSyncTask - 开始同步快递物流状态...
2026-07-21 13:00:00 [scheduling-1] INFO  com.youyinda.task.ExpressTrackSyncTask - 需要同步物流状态的订单数量：0
2026-07-21 13:00:00 [scheduling-1] INFO  com.youyinda.task.ExpressTrackSyncTask - 快递物流状态同步完成，耗时：35ms
